bno055_stm32.h:20:6:bno055_assignI2C	16	static
bno055_stm32.h:24:6:bno055_delay	16	static
bno055_stm32.h:32:6:bno055_writeData	40	static
bno055_stm32.h:96:6:bno055_readData	24	static
main.c:79:6:myprintf	16	static
main.c:96:5:main	8360	static
main.c:230:6:SystemClock_Config	72	static
main.c:268:13:MX_I2C1_Init	8	static
main.c:302:13:MX_SPI2_Init	8	static
main.c:340:13:MX_USART2_UART_Init	8	static
main.c:373:13:MX_GPIO_Init	40	static
main.c:417:6:_Error_Handler	16	static
main.c:433:6:Error_Handler	4	static
