10:51:48 **** Incremental Build of configuration Debug for project depth_sensor ****
make -j8 all 
arm-none-eabi-gcc "../Core/Src/MS5837.c" -mcpu=cortex-m3 -std=gnu11 -g3 -DDEBUG -DUSE_HAL_DRIVER -DSTM32F103xB -c -I../Core/Inc -I../Drivers/STM32F1xx_HAL_Driver/Inc -I../Drivers/STM32F1xx_HAL_Driver/Inc/Legacy -I../Drivers/CMSIS/Device/ST/STM32F1xx/Include -I../Drivers/CMSIS/Include -O0 -ffunction-sections -fdata-sections -Wall -fstack-usage -MMD -MP -MF"Core/Src/MS5837.d" -MT"Core/Src/MS5837.o" --specs=nano.specs -mfloat-abi=soft -mthumb -o "Core/Src/MS5837.o"
arm-none-eabi-gcc -o "depth_sensor.elf" @"objects.list"   -mcpu=cortex-m3 -T"C:\Users\cxson\OneDrive\Desktop\Documents\SUBC_2021\DAQ-STM\depth_sensor\STM32F103RBTX_FLASH.ld" --specs=nosys.specs -Wl,-Map="depth_sensor.map" -Wl,--gc-sections -static --specs=nano.specs -mfloat-abi=soft -mthumb -Wl,--start-group -lc -lm -Wl,--end-group
Finished building target: depth_sensor.elf
 
arm-none-eabi-size   depth_sensor.elf 
arm-none-eabi-objdump -h -S  depth_sensor.elf  > "depth_sensor.list"
arm-none-eabi-objcopy  -O binary  depth_sensor.elf  "depth_sensor.bin"
   text	   data	    bss	    dec	    hex	filename
  18416	    124	   1660	  20200	   4ee8	depth_sensor.elf
Finished building: default.size.stdout
 
Finished building: depth_sensor.bin
 
Finished building: depth_sensor.list
 

10:51:50 Build Finished. 0 errors, 0 warnings. (took 1s.983ms)

